# JMH version: 1.37
# VM version: JDK 21.0.9, OpenJDK 64-Bit Server VM, 21.0.9+10-LTS
# VM invoker: /opt/hostedtoolcache/Java_Temurin-Hotspot_jdk/21.0.9-10.0.LTS/x64/bin/java
# VM options: -Xms256m -Xmx256m
# Blackhole mode: compiler (auto-detected, use -Djmh.blackhole.autoDetect=false to disable)
# Warmup: 3 iterations, 1 s each
# Measurement: 5 iterations, 1 s each
# Timeout: 10 min per iteration
# Threads: 1 thread, will synchronize iterations
# Benchmark mode: Throughput, ops/time
# Benchmark: dev.tickforge.benchmarks.ReplayBenchmark.parser

# Run progress: 0.00% complete, ETA 00:00:32
# Fork: 1 of 2
# Warmup Iteration   1: 313559.708 ops/s
# Warmup Iteration   2: 673959.471 ops/s
# Warmup Iteration   3: 724171.676 ops/s
Iteration   1: 658484.647 ops/s
Iteration   2: 722578.852 ops/s
Iteration   3: 666943.192 ops/s
Iteration   4: 707999.596 ops/s
Iteration   5: 709276.075 ops/s

# Run progress: 25.00% complete, ETA 00:00:25
# Fork: 2 of 2
# Warmup Iteration   1: 389906.510 ops/s
# Warmup Iteration   2: 678856.708 ops/s
# Warmup Iteration   3: 674627.021 ops/s
Iteration   1: 686219.250 ops/s
Iteration   2: 700287.323 ops/s
Iteration   3: 678879.218 ops/s
Iteration   4: 703993.600 ops/s
Iteration   5: 682784.505 ops/s


Result "dev.tickforge.benchmarks.ReplayBenchmark.parser":
  691744.626 ±(99.9%) 30831.882 ops/s [Average]
  (min, avg, max) = (658484.647, 691744.626, 722578.852), stdev = 20393.381
  CI (99.9%): [660912.744, 722576.508] (assumes normal distribution)


# JMH version: 1.37
# VM version: JDK 21.0.9, OpenJDK 64-Bit Server VM, 21.0.9+10-LTS
# VM invoker: /opt/hostedtoolcache/Java_Temurin-Hotspot_jdk/21.0.9-10.0.LTS/x64/bin/java
# VM options: -Xms256m -Xmx256m
# Blackhole mode: compiler (auto-detected, use -Djmh.blackhole.autoDetect=false to disable)
# Warmup: 3 iterations, 1 s each
# Measurement: 5 iterations, 1 s each
# Timeout: 10 min per iteration
# Threads: 1 thread, will synchronize iterations
# Benchmark mode: Throughput, ops/time
# Benchmark: dev.tickforge.benchmarks.ReplayBenchmark.quoteSignalAndPartialFill

# Run progress: 50.00% complete, ETA 00:00:16
# Fork: 1 of 2
# Warmup Iteration   1: 1993497.975 ops/s
# Warmup Iteration   2: 3473925.165 ops/s
# Warmup Iteration   3: 3738635.277 ops/s
Iteration   1: 3172692.243 ops/s
Iteration   2: 2644728.090 ops/s
Iteration   3: 3623240.670 ops/s
Iteration   4: 3720621.884 ops/s
Iteration   5: 3333220.086 ops/s

# Run progress: 75.00% complete, ETA 00:00:08
# Fork: 2 of 2
# Warmup Iteration   1: 1960948.148 ops/s
# Warmup Iteration   2: 3457802.198 ops/s
# Warmup Iteration   3: 3744076.464 ops/s
Iteration   1: 3643937.018 ops/s
Iteration   2: 3753204.502 ops/s
Iteration   3: 3645228.204 ops/s
Iteration   4: 3755571.927 ops/s
Iteration   5: 3654857.092 ops/s


Result "dev.tickforge.benchmarks.ReplayBenchmark.quoteSignalAndPartialFill":
  3494730.172 ±(99.9%) 534579.256 ops/s [Average]
  (min, avg, max) = (2644728.090, 3494730.172, 3755571.927), stdev = 353591.079
  CI (99.9%): [2960150.915, 4029309.428] (assumes normal distribution)


# Run complete. Total time: 00:00:33

REMEMBER: The numbers below are just data. To gain reusable insights, you need to follow up on
why the numbers are the way they are. Use profilers (see -prof, -lprof), design factorial
experiments, perform baseline and negative tests that provide experimental control, make sure
the benchmarking environment is safe on JVM/OS/HW level, ask for reviews from the domain experts.
Do not assume the numbers tell you what you want them to tell.

NOTE: Current JVM experimentally supports Compiler Blackholes, and they are in use. Please exercise
extra caution when trusting the results, look into the generated code to check the benchmark still
works, and factor in a small probability of new VM bugs. Additionally, while comparisons between
different JVMs are already problematic, the performance difference caused by different Blackhole
modes can be very significant. Please make sure you use the consistent Blackhole mode for comparisons.

Benchmark                                   Mode  Cnt        Score        Error  Units
ReplayBenchmark.parser                     thrpt   10   691744.626 ±  30831.882  ops/s
ReplayBenchmark.quoteSignalAndPartialFill  thrpt   10  3494730.172 ± 534579.256  ops/s

Benchmark result is saved to data/jmh.json
